// Jest Snapshot v1, https://goo.gl/fbAQLP

exports[`DisplayLoading matches snapshot 1`] = `
<body>
  <div>
    <div>
      Loading...
    </div>
  </div>
</body>
`;
