// Jest Snapshot v1, https://goo.gl/fbAQLP

exports[`Footer matches snapshot 1`] = `
.c0 {
  text-align: center;
}

<body>
  <div>
    <div
      class="c0"
    >
      <p>
        NGS
      </p>
    </div>
  </div>
</body>
`;
